rip        S0_lambda0         d=3  rel=2.267e-02  runs=  9  im=2.10e+00  (18.5s)
rip        S1_const1e-3       d=3  rel=4.766e-02  runs=  9  im=1.40e+00  (18.0s)
rip        S2_anneal0_1e-1    d=3  rel=7.518e-02  runs=  9  im=9.06e-02  (18.1s)
rip        S3_anneal0_1       d=3  rel=6.729e-02  runs=  9  im=2.54e-02  (18.3s)
rip        S0_lambda0         d=4  rel=4.423e-02  runs=  5  im=2.03e+00  (20.1s)
rip        S1_const1e-3       d=4  rel=3.266e-02  runs=  5  im=1.55e+00  (20.3s)
rip        S2_anneal0_1e-1    d=4  rel=7.848e-02  runs=  5  im=1.81e-01  (20.3s)
rip        S3_anneal0_1       d=4  rel=5.800e-02  runs=  5  im=1.51e-02  (20.3s)
rip        S0_lambda0         d=5  rel=5.283e-02  runs=  3  im=1.57e+00  (24.3s)
rip        S1_const1e-3       d=5  rel=3.305e-02  runs=  3  im=6.45e-01  (24.9s)
rip        S2_anneal0_1e-1    d=5  rel=6.956e-02  runs=  3  im=6.36e-02  (24.9s)
rip        S3_anneal0_1       d=5  rel=3.765e-02  runs=  3  im=2.90e-02  (24.8s)
osc        S0_lambda0         d=3  rel=4.430e-02  runs=  9  im=1.51e+00  (17.7s)
osc        S1_const1e-3       d=3  rel=4.507e-02  runs=  9  im=1.96e+00  (18.0s)
osc        S2_anneal0_1e-1    d=3  rel=1.142e-01  runs=  9  im=6.58e-01  (18.0s)
osc        S3_anneal0_1       d=3  rel=4.529e-02  runs=  9  im=1.88e-02  (18.1s)
osc        S0_lambda0         d=4  rel=5.170e-02  runs=  5  im=1.18e+00  (19.9s)
osc        S1_const1e-3       d=4  rel=3.652e-02  runs=  5  im=1.62e+00  (20.2s)
osc        S2_anneal0_1e-1    d=4  rel=7.391e-02  runs=  5  im=2.09e-01  (20.3s)
osc        S3_anneal0_1       d=4  rel=5.718e-02  runs=  5  im=3.93e-02  (20.4s)
osc        S0_lambda0         d=5  rel=6.767e-02  runs=  3  im=1.23e+00  (24.6s)
osc        S1_const1e-3       d=5  rel=4.038e-02  runs=  3  im=1.80e+00  (24.9s)
osc        S2_anneal0_1e-1    d=5  rel=7.907e-02  runs=  2  im=1.36e-01  (18.5s)
osc        S3_anneal0_1       d=5  rel=1.068e-01  runs=  3  im=4.83e-02  (25.4s)
sin        S0_lambda0         d=3  rel=1.764e-03  runs=  9  im=2.01e+00  (18.7s)
sin        S1_const1e-3       d=3  rel=7.197e-03  runs=  9  im=1.70e+00  (18.5s)
sin        S2_anneal0_1e-1    d=3  rel=4.637e-03  runs=  9  im=7.48e-03  (18.2s)
sin        S3_anneal0_1       d=3  rel=3.070e-03  runs=  9  im=2.25e-03  (17.9s)
sin        S0_lambda0         d=4  rel=1.614e-03  runs=  5  im=2.13e+00  (20.0s)
sin        S1_const1e-3       d=4  rel=9.915e-03  runs=  5  im=9.17e-01  (19.9s)
sin        S2_anneal0_1e-1    d=4  rel=4.488e-03  runs=  5  im=7.54e-03  (20.8s)
sin        S3_anneal0_1       d=4  rel=4.250e-03  runs=  5  im=3.51e-03  (20.0s)
sin        S0_lambda0         d=5  rel=7.075e-03  runs=  3  im=1.91e+00  (24.0s)
sin        S1_const1e-3       d=5  rel=1.703e-02  runs=  3  im=1.33e+00  (24.2s)
sin        S2_anneal0_1e-1    d=5  rel=1.674e-02  runs=  3  im=2.28e-02  (25.5s)
sin        S3_anneal0_1       d=5  rel=1.194e-02  runs=  3  im=1.16e-02  (25.6s)
x2         S0_lambda0         d=3  rel=3.197e-03  runs=  9  im=4.66e+00  (18.0s)
x2         S1_const1e-3       d=3  rel=1.654e-03  runs=  9  im=5.34e-02  (19.1s)
x2         S2_anneal0_1e-1    d=3  rel=1.922e-03  runs=  9  im=5.98e-03  (19.6s)
x2         S3_anneal0_1       d=3  rel=5.058e-03  runs=  9  im=4.14e-03  (19.3s)
x2         S0_lambda0         d=4  rel=5.602e-03  runs=  5  im=1.01e+00  (21.6s)
x2         S1_const1e-3       d=4  rel=4.474e-03  runs=  5  im=1.12e+00  (20.9s)
x2         S2_anneal0_1e-1    d=4  rel=1.423e-03  runs=  5  im=5.58e-03  (21.8s)
x2         S3_anneal0_1       d=4  rel=3.550e-03  runs=  5  im=7.18e-03  (20.6s)
x2         S0_lambda0         d=5  rel=1.626e-03  runs=  3  im=1.59e+00  (25.7s)
x2         S1_const1e-3       d=5  rel=4.197e-03  runs=  3  im=2.32e-01  (26.1s)
x2         S2_anneal0_1e-1    d=5  rel=6.061e-03  runs=  3  im=2.18e-02  (25.6s)
x2         S3_anneal0_1       d=5  rel=1.075e-02  runs=  3  im=2.49e-02  (26.5s)
exp_decay  S0_lambda0         d=3  rel=2.435e-03  runs=  9  im=2.93e+00  (18.3s)
exp_decay  S1_const1e-3       d=3  rel=2.567e-03  runs=  9  im=1.70e-02  (18.7s)
exp_decay  S2_anneal0_1e-1    d=3  rel=3.426e-03  runs=  9  im=1.37e-02  (18.2s)
exp_decay  S3_anneal0_1       d=3  rel=2.103e-03  runs=  9  im=3.60e-04  (18.1s)
exp_decay  S0_lambda0         d=4  rel=1.050e-03  runs=  5  im=4.84e-01  (20.9s)
exp_decay  S1_const1e-3       d=4  rel=4.314e-03  runs=  5  im=6.77e-02  (21.7s)
exp_decay  S2_anneal0_1e-1    d=4  rel=5.712e-04  runs=  4  im=6.39e-04  (17.9s)
exp_decay  S3_anneal0_1       d=4  rel=2.386e-03  runs=  4  im=1.43e-03  (18.9s)
exp_decay  S0_lambda0         d=5  rel=5.477e-03  runs=  2  im=6.55e-01  (18.5s)
exp_decay  S1_const1e-3       d=5  rel=1.303e-02  runs=  2  im=2.65e-01  (19.3s)
exp_decay  S2_anneal0_1e-1    d=5  rel=1.742e-02  runs=  2  im=3.24e-02  (18.4s)
exp_decay  S3_anneal0_1       d=5  rel=1.864e-02  runs=  2  im=4.17e-03  (19.0s)
total: 1244.9s
