rip        R   d=3  P= 34  rel=1.794e-01  runs= 18  (18.5s)
rip        CR  d=3  P= 34  rel=2.752e-01  runs= 14  (18.7s)
rip        CC  d=3  P= 68  rel=4.766e-02  runs=  9  im_mag=1.40e+00  (18.4s)
rip        R   d=4  P= 74  rel=1.930e-02  runs=  9  (18.3s)
rip        CR  d=4  P= 74  rel=1.871e-01  runs=  7  (18.9s)
rip        CC  d=4  P=148  rel=3.266e-02  runs=  5  im_mag=1.55e+00  (20.6s)
rip        R   d=5  P=154  rel=2.671e-02  runs=  5  (20.4s)
rip        CR  d=5  P=154  rel=1.781e-01  runs=  4  (21.9s)
rip        CC  d=5  P=308  rel=3.305e-02  runs=  3  im_mag=6.45e-01  (25.7s)
osc        R   d=3  P= 34  rel=1.681e-01  runs= 18  (18.5s)
osc        CR  d=3  P= 34  rel=2.413e-01  runs= 14  (18.6s)
osc        CC  d=3  P= 68  rel=4.507e-02  runs=  9  im_mag=1.96e+00  (18.1s)
osc        R   d=4  P= 74  rel=6.686e-02  runs= 10  (19.6s)
osc        CR  d=4  P= 74  rel=1.816e-01  runs=  7  (18.8s)
osc        CC  d=4  P=148  rel=3.652e-02  runs=  5  im_mag=1.62e+00  (20.0s)
osc        R   d=5  P=154  rel=3.135e-02  runs=  5  (20.1s)
osc        CR  d=5  P=154  rel=1.080e-01  runs=  1  (46.3s)
osc        CC  d=5  P=308  rel=5.040e-02  runs=  1  im_mag=1.40e+00  (20.3s)
cos2       R   d=3  P= 34  rel=2.379e-02  runs= 10  (18.8s)
cos2       CR  d=3  P= 34  rel=1.562e-01  runs=  8  (18.4s)
cos2       CC  d=3  P= 68  rel=1.528e-02  runs=  9  im_mag=1.14e+00  (18.9s)
cos2       R   d=4  P= 74  rel=1.692e-02  runs=  9  (18.6s)
cos2       CR  d=4  P= 74  rel=1.361e-01  runs=  7  (18.4s)
cos2       CC  d=4  P=148  rel=1.242e-02  runs=  5  im_mag=7.42e-01  (20.9s)
cos2       R   d=5  P=154  rel=8.587e-03  runs=  5  (20.0s)
cos2       CR  d=5  P=154  rel=9.511e-02  runs=  4  (21.4s)
cos2       CC  d=5  P=308  rel=2.101e-02  runs=  3  im_mag=7.89e-01  (24.4s)
sin        R   d=3  P= 34  rel=9.622e-03  runs= 18  (18.1s)
sin        CR  d=3  P= 34  rel=1.272e-02  runs= 14  (18.5s)
sin        CC  d=3  P= 68  rel=7.197e-03  runs=  9  im_mag=1.70e+00  (17.7s)
sin        R   d=4  P= 74  rel=4.493e-03  runs= 10  (19.5s)
sin        CR  d=4  P= 74  rel=2.706e-02  runs=  7  (18.3s)
sin        CC  d=4  P=148  rel=9.915e-03  runs=  5  im_mag=9.17e-01  (20.0s)
sin        R   d=5  P=154  rel=2.117e-03  runs=  5  (19.5s)
sin        CR  d=5  P=154  rel=3.434e-02  runs=  4  (21.4s)
sin        CC  d=5  P=308  rel=1.703e-02  runs=  3  im_mag=1.33e+00  (24.4s)
cos        R   d=3  P= 34  rel=5.067e-03  runs= 18  (17.7s)
cos        CR  d=3  P= 34  rel=6.380e-02  runs= 14  (18.2s)
cos        CC  d=3  P= 68  rel=1.452e-02  runs=  9  im_mag=1.86e+00  (17.7s)
cos        R   d=4  P= 74  rel=6.804e-03  runs=  9  (17.6s)
cos        CR  d=4  P= 74  rel=6.900e-02  runs=  7  (18.2s)
cos        CC  d=4  P=148  rel=1.341e-02  runs=  5  im_mag=1.55e+00  (20.4s)
cos        R   d=5  P=154  rel=2.684e-03  runs=  5  (19.7s)
cos        CR  d=5  P=154  rel=3.074e-02  runs=  4  (21.3s)
cos        CC  d=5  P=308  rel=9.144e-03  runs=  3  im_mag=4.42e-01  (24.8s)
x2         R   d=3  P= 34  rel=1.898e-04  runs= 18  (17.8s)
x2         CR  d=3  P= 34  rel=9.498e-03  runs= 14  (18.5s)
x2         CC  d=3  P= 68  rel=1.654e-03  runs=  9  im_mag=5.34e-02  (17.9s)
x2         R   d=4  P= 74  rel=6.898e-04  runs= 10  (19.4s)
x2         CR  d=4  P= 74  rel=2.768e-03  runs=  7  (18.6s)
x2         CC  d=4  P=148  rel=4.474e-03  runs=  5  im_mag=1.12e+00  (20.0s)
x2         R   d=5  P=154  rel=2.133e-03  runs=  5  (19.3s)
x2         CR  d=5  P=154  rel=5.192e-03  runs=  4  (21.6s)
x2         CC  d=5  P=308  rel=4.197e-03  runs=  3  im_mag=2.32e-01  (24.7s)
exp_decay  R   d=3  P= 34  rel=4.507e-04  runs= 18  (17.8s)
exp_decay  CR  d=3  P= 34  rel=2.713e-03  runs= 14  (18.3s)
exp_decay  CC  d=3  P= 68  rel=2.567e-03  runs= 10  im_mag=1.70e-02  (19.6s)
exp_decay  R   d=4  P= 74  rel=1.967e-03  runs= 10  (19.2s)
exp_decay  CR  d=4  P= 74  rel=1.910e-02  runs=  7  (18.0s)
exp_decay  CC  d=4  P=148  rel=4.314e-03  runs=  5  im_mag=6.77e-02  (19.9s)
exp_decay  R   d=5  P=154  rel=5.124e-04  runs=  5  (19.2s)
exp_decay  CR  d=5  P=154  rel=1.382e-02  runs=  4  (20.7s)
exp_decay  CC  d=5  P=308  rel=1.303e-02  runs=  3  im_mag=2.65e-01  (24.0s)
total: 1268.9s
