sin    A_restart  runs= 11  rel=1.696e-02  (30.4s)
sin    B_lbfgs    runs= 11  rel=4.493e-03  (21.8s)
sin    C_curric   runs= 35  rel=1.766e-02  (33.0s)
sin    D_symwarm  runs= 12  rel=7.671e-03  (31.5s)
x2     A_restart  runs= 12  rel=2.046e-03  (31.3s)
x2     B_lbfgs    runs= 11  rel=6.898e-04  (21.6s)
x2     C_curric   runs= 35  rel=4.210e-03  (32.4s)
x2     D_symwarm  runs= 12  rel=2.766e-03  (30.6s)
gauss  A_restart  runs= 12  rel=1.965e-02  (30.4s)
gauss  B_lbfgs    runs= 11  rel=3.213e-03  (22.0s)
gauss  C_curric   runs= 34  rel=7.499e-03  (31.7s)
gauss  D_symwarm  runs= 12  rel=1.485e-02  (30.9s)
tanh   A_restart  runs= 12  rel=2.573e-03  (30.5s)
tanh   B_lbfgs    runs= 12  rel=2.190e-03  (22.8s)
tanh   C_curric   runs= 36  rel=2.445e-02  (32.2s)
tanh   D_symwarm  runs= 12  rel=1.432e-02  (30.3s)
rip    A_restart  runs= 12  rel=9.936e-02  (30.9s)
rip    B_lbfgs    runs= 11  rel=1.930e-02  (21.9s)
rip    C_curric   runs= 34  rel=8.855e-02  (32.5s)
rip    D_symwarm  runs= 12  rel=1.376e-01  (30.5s)
total: 579.2s
