sin        d=2  P=  14  rel=1.233e-02  runs= 34  (17.6s)
sin        d=3  P=  34  rel=9.622e-03  runs= 19  (18.6s)
sin        d=4  P=  74  rel=4.493e-03  runs= 10  (19.3s)
sin        d=5  P= 154  rel=2.117e-03  runs=  5  (19.2s)
sin        d=6  P= 314  rel=1.505e-02  runs=  3  (23.2s)
cos        d=2  P=  14  rel=3.170e-02  runs= 35  (17.8s)
cos        d=3  P=  34  rel=5.067e-03  runs= 18  (18.0s)
cos        d=4  P=  74  rel=6.804e-03  runs=  9  (17.9s)
cos        d=5  P= 154  rel=2.684e-03  runs=  5  (19.4s)
cos        d=6  P= 314  rel=1.927e-03  runs=  3  (25.3s)
x2         d=2  P=  14  rel=3.211e-04  runs= 34  (17.6s)
x2         d=3  P=  34  rel=1.898e-04  runs= 18  (17.7s)
x2         d=4  P=  74  rel=6.898e-04  runs=  9  (17.9s)
x2         d=5  P= 154  rel=2.133e-03  runs=  5  (20.2s)
x2         d=6  P= 314  rel=2.071e-03  runs=  3  (24.8s)
abs        d=2  P=  14  rel=2.595e-02  runs= 34  (17.7s)
abs        d=3  P=  34  rel=7.699e-03  runs= 18  (17.8s)
abs        d=4  P=  74  rel=7.649e-03  runs=  9  (18.9s)
abs        d=5  P= 154  rel=2.668e-03  runs=  5  (21.0s)
abs        d=6  P= 314  rel=2.251e-03  runs=  3  (25.2s)
gauss      d=2  P=  14  rel=2.448e-03  runs= 34  (17.8s)
gauss      d=3  P=  34  rel=9.823e-04  runs= 17  (18.1s)
gauss      d=4  P=  74  rel=3.213e-03  runs=  9  (18.5s)
gauss      d=5  P= 154  rel=5.579e-03  runs=  5  (20.2s)
gauss      d=6  P= 314  rel=2.064e-03  runs=  3  (23.6s)
sigmoid    d=2  P=  14  rel=3.294e-03  runs= 35  (17.6s)
sigmoid    d=3  P=  34  rel=4.934e-03  runs= 18  (17.8s)
sigmoid    d=4  P=  74  rel=5.695e-03  runs= 10  (19.5s)
sigmoid    d=5  P= 154  rel=1.519e-03  runs=  5  (19.3s)
sigmoid    d=6  P= 314  rel=1.794e-03  runs=  3  (23.5s)
polyhi     d=2  P=  14  rel=1.353e-02  runs= 35  (17.8s)
polyhi     d=3  P=  34  rel=1.165e-02  runs= 18  (18.4s)
polyhi     d=4  P=  74  rel=1.742e-03  runs=  9  (18.2s)
polyhi     d=5  P= 154  rel=1.926e-03  runs=  5  (20.2s)
polyhi     d=6  P= 314  rel=2.673e-03  runs=  3  (23.6s)
tanh       d=2  P=  14  rel=1.989e-02  runs= 36  (18.0s)
tanh       d=3  P=  34  rel=1.550e-03  runs= 18  (18.0s)
tanh       d=4  P=  74  rel=5.141e-03  runs=  9  (18.0s)
tanh       d=5  P= 154  rel=9.419e-04  runs=  5  (20.4s)
tanh       d=6  P= 314  rel=1.680e-03  runs=  3  (25.2s)
log_safe   d=2  P=  14  rel=2.482e-03  runs= 34  (17.7s)
log_safe   d=3  P=  34  rel=6.716e-03  runs= 18  (18.3s)
log_safe   d=4  P=  74  rel=3.251e-03  runs= 10  (19.6s)
log_safe   d=5  P= 154  rel=1.479e-03  runs=  5  (19.6s)
log_safe   d=6  P= 314  rel=1.403e-03  runs=  3  (24.3s)
exp_decay  d=2  P=  14  rel=1.429e-03  runs= 35  (17.7s)
exp_decay  d=3  P=  34  rel=4.507e-04  runs= 18  (17.8s)
exp_decay  d=4  P=  74  rel=1.967e-03  runs=  9  (17.6s)
exp_decay  d=5  P= 154  rel=5.124e-04  runs=  5  (19.1s)
exp_decay  d=6  P= 314  rel=9.280e-04  runs=  3  (23.0s)
rip        d=2  P=  14  rel=1.730e-01  runs= 36  (17.8s)
rip        d=3  P=  34  rel=1.794e-01  runs= 18  (18.0s)
rip        d=4  P=  74  rel=1.930e-02  runs=  9  (17.9s)
rip        d=5  P= 154  rel=2.671e-02  runs=  5  (19.6s)
rip        d=6  P= 314  rel=1.903e-02  runs=  3  (23.5s)
total: 1080.4s
