rip        real_softplus  d=3  rel=1.794e-01  runs= 18  (18.0s)
rip        complex_real   d=3  rel=2.752e-01  runs= 13  (17.8s)
rip        real_softplus  d=4  rel=1.930e-02  runs=  9  (18.3s)
rip        complex_real   d=4  rel=1.871e-01  runs=  7  (18.9s)
rip        real_softplus  d=5  rel=2.671e-02  runs=  5  (20.5s)
rip        complex_real   d=5  rel=1.781e-01  runs=  4  (21.4s)
osc        real_softplus  d=3  rel=1.681e-01  runs= 18  (17.8s)
osc        complex_real   d=3  rel=2.413e-01  runs= 14  (18.0s)
osc        real_softplus  d=4  rel=6.686e-02  runs= 10  (19.4s)
osc        complex_real   d=4  rel=1.816e-01  runs=  7  (19.0s)
osc        real_softplus  d=5  rel=3.135e-02  runs=  5  (19.9s)
osc        complex_real   d=5  rel=1.080e-01  runs=  4  (23.4s)
cos2       real_softplus  d=3  rel=2.057e-02  runs= 17  (17.8s)
cos2       complex_real   d=3  rel=8.586e-02  runs= 13  (17.9s)
cos2       real_softplus  d=4  rel=1.692e-02  runs=  9  (18.1s)
cos2       complex_real   d=4  rel=1.361e-01  runs=  7  (18.4s)
cos2       real_softplus  d=5  rel=8.587e-03  runs=  5  (19.8s)
cos2       complex_real   d=5  rel=9.511e-02  runs=  4  (20.9s)
x2         real_softplus  d=3  rel=1.898e-04  runs= 18  (18.4s)
x2         complex_real   d=3  rel=9.498e-03  runs= 13  (18.0s)
x2         real_softplus  d=4  rel=6.898e-04  runs=  9  (18.3s)
x2         complex_real   d=4  rel=2.768e-03  runs=  7  (18.6s)
x2         real_softplus  d=5  rel=2.133e-03  runs=  5  (19.9s)
x2         complex_real   d=5  rel=5.192e-03  runs=  4  (23.1s)
exp_decay  real_softplus  d=3  rel=4.507e-04  runs= 18  (18.5s)
exp_decay  complex_real   d=3  rel=2.713e-03  runs= 13  (18.0s)
exp_decay  real_softplus  d=4  rel=1.967e-03  runs=  9  (17.8s)
exp_decay  complex_real   d=4  rel=1.910e-02  runs=  7  (18.4s)
exp_decay  real_softplus  d=5  rel=5.124e-04  runs=  5  (19.4s)
exp_decay  complex_real   d=5  rel=1.382e-02  runs=  4  (21.2s)
total: 575.2s
