sin        PEM d=2  P= 18  rel=1.233e-02  runs= 26  (17.7s)
sin        EM  d=2  P= 14  rel=1.233e-02  runs= 35  (17.6s)
sin        PEM d=3  P= 42  rel=3.018e-03  runs= 13  (17.6s)
sin        EM  d=3  P= 34  rel=9.622e-03  runs= 18  (17.8s)
sin        PEM d=4  P= 90  rel=7.673e-03  runs=  7  (19.8s)
sin        EM  d=4  P= 74  rel=4.493e-03  runs=  9  (17.9s)
sin        PEM d=5  P=186  rel=1.006e-02  runs=  4  (22.1s)
sin        EM  d=5  P=154  rel=2.117e-03  runs=  5  (19.5s)
cos        PEM d=2  P= 18  rel=1.797e-02  runs= 27  (17.8s)
cos        EM  d=2  P= 14  rel=3.170e-02  runs= 36  (17.9s)
cos        PEM d=3  P= 42  rel=2.463e-03  runs= 14  (18.8s)
cos        EM  d=3  P= 34  rel=5.067e-03  runs= 19  (18.4s)
cos        PEM d=4  P= 90  rel=4.414e-03  runs=  7  (19.0s)
cos        EM  d=4  P= 74  rel=6.804e-03  runs= 10  (19.2s)
cos        PEM d=5  P=186  rel=1.532e-02  runs=  4  (22.1s)
cos        EM  d=5  P=154  rel=2.684e-03  runs=  5  (19.2s)
x2         PEM d=2  P= 18  rel=2.216e-03  runs= 27  (17.7s)
x2         EM  d=2  P= 14  rel=3.211e-04  runs= 36  (17.7s)
x2         PEM d=3  P= 42  rel=8.870e-04  runs= 14  (18.7s)
x2         EM  d=3  P= 34  rel=1.898e-04  runs= 19  (18.4s)
x2         PEM d=4  P= 90  rel=1.052e-03  runs=  7  (19.1s)
x2         EM  d=4  P= 74  rel=6.898e-04  runs= 10  (19.1s)
x2         PEM d=5  P=186  rel=2.409e-03  runs=  4  (21.8s)
x2         EM  d=5  P=154  rel=2.133e-03  runs=  5  (19.1s)
abs        PEM d=2  P= 18  rel=5.105e-03  runs= 27  (17.8s)
abs        EM  d=2  P= 14  rel=2.595e-02  runs= 36  (17.7s)
abs        PEM d=3  P= 42  rel=6.268e-03  runs= 14  (18.7s)
abs        EM  d=3  P= 34  rel=2.247e-03  runs= 19  (18.2s)
abs        PEM d=4  P= 90  rel=5.032e-03  runs=  7  (18.7s)
abs        EM  d=4  P= 74  rel=7.649e-03  runs= 10  (19.2s)
abs        PEM d=5  P=186  rel=2.669e-03  runs=  4  (21.6s)
abs        EM  d=5  P=154  rel=2.668e-03  runs=  5  (19.0s)
gauss      PEM d=2  P= 18  rel=1.722e-02  runs= 27  (17.7s)
gauss      EM  d=2  P= 14  rel=2.448e-03  runs= 37  (18.1s)
gauss      PEM d=3  P= 42  rel=4.134e-03  runs= 14  (18.5s)
gauss      EM  d=3  P= 34  rel=9.823e-04  runs= 19  (18.3s)
gauss      PEM d=4  P= 90  rel=1.115e-03  runs=  7  (18.9s)
gauss      EM  d=4  P= 74  rel=3.213e-03  runs= 10  (19.1s)
gauss      PEM d=5  P=186  rel=4.656e-03  runs=  4  (22.0s)
gauss      EM  d=5  P=154  rel=5.579e-03  runs=  5  (18.9s)
sigmoid    PEM d=2  P= 18  rel=5.703e-03  runs= 27  (17.6s)
sigmoid    EM  d=2  P= 14  rel=3.294e-03  runs= 34  (17.5s)
sigmoid    PEM d=3  P= 42  rel=3.891e-03  runs= 13  (17.9s)
sigmoid    EM  d=3  P= 34  rel=4.934e-03  runs= 18  (17.6s)
sigmoid    PEM d=4  P= 90  rel=1.159e-03  runs=  7  (19.4s)
sigmoid    EM  d=4  P= 74  rel=5.695e-03  runs=  9  (18.5s)
sigmoid    PEM d=5  P=186  rel=1.425e-03  runs=  4  (23.4s)
sigmoid    EM  d=5  P=154  rel=1.519e-03  runs=  5  (20.7s)
polyhi     PEM d=2  P= 18  rel=7.530e-03  runs= 26  (18.2s)
polyhi     EM  d=2  P= 14  rel=1.353e-02  runs= 34  (17.9s)
polyhi     PEM d=3  P= 42  rel=7.584e-03  runs= 13  (18.6s)
polyhi     EM  d=3  P= 34  rel=1.165e-02  runs= 17  (17.8s)
polyhi     PEM d=4  P= 90  rel=1.467e-03  runs=  7  (20.5s)
polyhi     EM  d=4  P= 74  rel=1.742e-03  runs=  9  (19.1s)
polyhi     PEM d=5  P=186  rel=4.320e-03  runs=  4  (23.5s)
polyhi     EM  d=5  P=154  rel=1.926e-03  runs=  5  (20.8s)
tanh       PEM d=2  P= 18  rel=2.010e-02  runs= 26  (17.7s)
tanh       EM  d=2  P= 14  rel=1.989e-02  runs= 35  (17.9s)
tanh       PEM d=3  P= 42  rel=4.198e-03  runs= 13  (18.7s)
tanh       EM  d=3  P= 34  rel=1.550e-03  runs= 18  (18.3s)
tanh       PEM d=4  P= 90  rel=1.222e-03  runs=  7  (20.0s)
tanh       EM  d=4  P= 74  rel=5.141e-03  runs=  9  (17.9s)
tanh       PEM d=5  P=186  rel=2.097e-03  runs=  4  (23.2s)
tanh       EM  d=5  P=154  rel=9.419e-04  runs=  5  (20.5s)
log_safe   PEM d=2  P= 18  rel=1.968e-03  runs= 26  (17.8s)
log_safe   EM  d=2  P= 14  rel=2.482e-03  runs= 35  (17.7s)
log_safe   PEM d=3  P= 42  rel=1.354e-03  runs= 13  (17.8s)
log_safe   EM  d=3  P= 34  rel=6.716e-03  runs= 18  (18.0s)
log_safe   PEM d=4  P= 90  rel=2.945e-03  runs=  7  (19.4s)
log_safe   EM  d=4  P= 74  rel=3.251e-03  runs=  9  (18.1s)
log_safe   PEM d=5  P=186  rel=3.200e-03  runs=  4  (22.8s)
log_safe   EM  d=5  P=154  rel=1.479e-03  runs=  5  (19.8s)
exp_decay  PEM d=2  P= 18  rel=1.489e-03  runs= 26  (17.6s)
exp_decay  EM  d=2  P= 14  rel=1.429e-03  runs= 35  (17.6s)
exp_decay  PEM d=3  P= 42  rel=6.701e-03  runs= 13  (18.0s)
exp_decay  EM  d=3  P= 34  rel=4.507e-04  runs= 18  (18.5s)
exp_decay  PEM d=4  P= 90  rel=9.368e-04  runs=  6  (17.9s)
exp_decay  EM  d=4  P= 74  rel=1.967e-03  runs= 10  (19.1s)
exp_decay  PEM d=5  P=186  rel=4.050e-03  runs=  4  (21.6s)
exp_decay  EM  d=5  P=154  rel=5.124e-04  runs=  5  (20.0s)
rip        PEM d=2  P= 18  rel=3.689e-01  runs= 27  (18.0s)
rip        EM  d=2  P= 14  rel=1.730e-01  runs= 36  (17.8s)
rip        PEM d=3  P= 42  rel=3.232e-02  runs= 14  (19.0s)
rip        EM  d=3  P= 34  rel=1.794e-01  runs= 19  (18.5s)
rip        PEM d=4  P= 90  rel=9.804e-02  runs=  7  (19.1s)
rip        EM  d=4  P= 74  rel=1.930e-02  runs= 10  (19.4s)
rip        PEM d=5  P=186  rel=9.088e-02  runs=  4  (22.1s)
rip        EM  d=5  P=154  rel=2.671e-02  runs=  5  (19.4s)
total: 1674.9s
