x3_minus_x         R d=3  P= 42  rel=7.584e-03  runs=15  (22.1s)
x3_minus_x         C d=3  P= 84  rel=2.174e-02  runs=7  (22.6s)
x3_minus_x         R d=4  P= 90  rel=1.467e-03  runs=8  (23.1s)
x3_minus_x         C d=4  P=180  rel=1.369e-02  runs=4  (27.4s)
x3_minus_x         R d=5  P=186  rel=4.320e-03  runs=4  (25.1s)
x3_minus_x         C d=5  P=372  rel=5.195e-02  runs=2  (30.4s)
tanh_2x            R d=3  P= 42  rel=4.198e-03  runs=15  (22.3s)
tanh_2x            C d=3  P= 84  rel=1.769e-03  runs=7  (24.4s)
tanh_2x            R d=4  P= 90  rel=1.222e-03  runs=8  (23.5s)
tanh_2x            C d=4  P=180  rel=5.163e-03  runs=4  (28.2s)
tanh_2x            R d=5  P=186  rel=2.097e-03  runs=4  (24.9s)
tanh_2x            C d=5  P=372  rel=1.795e-02  runs=2  (29.7s)
sin_x              R d=3  P= 42  rel=3.018e-03  runs=15  (21.8s)
sin_x              C d=3  P= 84  rel=1.741e-02  runs=7  (24.1s)
sin_x              R d=4  P= 90  rel=7.673e-03  runs=8  (23.4s)
sin_x              C d=4  P=180  rel=3.491e-03  runs=4  (28.2s)
sin_x              R d=5  P=186  rel=1.006e-02  runs=4  (25.2s)
sin_x              C d=5  P=372  rel=2.068e-02  runs=2  (31.2s)
exp_neg_x2         R d=3  P= 42  rel=4.134e-03  runs=15  (21.8s)
exp_neg_x2         C d=3  P= 84  rel=2.198e-02  runs=7  (24.5s)
exp_neg_x2         R d=4  P= 90  rel=1.115e-03  runs=7  (22.4s)
exp_neg_x2         C d=4  P=180  rel=5.274e-03  runs=3  (22.5s)
exp_neg_x2         R d=5  P=186  rel=4.656e-03  runs=4  (25.7s)
exp_neg_x2         C d=5  P=372  rel=1.268e-02  runs=2  (30.7s)
sin3x_envelope     R d=3  P= 42  rel=3.232e-02  runs=15  (22.6s)
sin3x_envelope     C d=3  P= 84  rel=6.448e-02  runs=6  (21.3s)
sin3x_envelope     R d=4  P= 90  rel=9.804e-02  runs=7  (22.2s)
sin3x_envelope     C d=4  P=180  rel=3.914e-02  runs=3  (22.8s)
sin3x_envelope     R d=5  P=186  rel=9.088e-02  runs=4  (25.1s)
sin3x_envelope     C d=5  P=372  rel=3.567e-02  runs=2  (30.6s)
total: 749.9s
